10:20:45 **** Build of configuration Debug for project g2020_bsp_xemacps_ieee1588_example_1 ****
make pre-build main-build 
a9-linaro-pre-build-step
' '
'Building file: ../src/xemacps_example_util.c'
'Invoking: ARM v7 gcc compiler'
arm-none-eabi-gcc -Wall -O0 -g3 -c -fmessage-length=0 -MT"src/xemacps_example_util.o" -mcpu=cortex-a9 -mfpu=vfpv3 -mfloat-abi=hard -I../../g2020_bsp/ps7_cortexa9_0/include -MMD -MP -MF"src/xemacps_example_util.d" -MT"src/xemacps_example_util.o" -o "src/xemacps_example_util.o" "../src/xemacps_example_util.c"
'Finished building: ../src/xemacps_example_util.c'
' '
'Building file: ../src/xemacps_ieee1588.c'
'Invoking: ARM v7 gcc compiler'
arm-none-eabi-gcc -Wall -O0 -g3 -c -fmessage-length=0 -MT"src/xemacps_ieee1588.o" -mcpu=cortex-a9 -mfpu=vfpv3 -mfloat-abi=hard -I../../g2020_bsp/ps7_cortexa9_0/include -MMD -MP -MF"src/xemacps_ieee1588.d" -MT"src/xemacps_ieee1588.o" -o "src/xemacps_ieee1588.o" "../src/xemacps_ieee1588.c"
../src/xemacps_ieee1588.c: In function 'XEmacPs_MasterSendAnnounce':
../src/xemacps_ieee1588.c:204:6: warning: variable 'SeqId' set but not used [-Wunused-but-set-variable]
  u16 SeqId = 0;
      ^~~~~
../src/xemacps_ieee1588.c: In function 'XEmacPs_MasterSendSync':
../src/xemacps_ieee1588.c:238:6: warning: variable 'SeqId' set but not used [-Wunused-but-set-variable]
  u16 SeqId = 0;
      ^~~~~
'Finished building: ../src/xemacps_ieee1588.c'
' '
'Building file: ../src/xemacps_ieee1588_example.c'
'Invoking: ARM v7 gcc compiler'
arm-none-eabi-gcc -Wall -O0 -g3 -c -fmessage-length=0 -MT"src/xemacps_ieee1588_example.o" -mcpu=cortex-a9 -mfpu=vfpv3 -mfloat-abi=hard -I../../g2020_bsp/ps7_cortexa9_0/include -MMD -MP -MF"src/xemacps_ieee1588_example.d" -MT"src/xemacps_ieee1588_example.o" -o "src/xemacps_ieee1588_example.o" "../src/xemacps_ieee1588_example.c"
../src/xemacps_ieee1588_example.c: In function 'XEmacPs_HandleRecdPTPPacket':
../src/xemacps_ieee1588_example.c:1411:18: warning: variable 'TxRingPtr' set but not used [-Wunused-but-set-variable]
  XEmacPs_BdRing *TxRingPtr;
                  ^~~~~~~~~
../src/xemacps_ieee1588_example.c: In function 'XEmacPs_PtpTxInterruptHandler':
../src/xemacps_ieee1588_example.c:1641:6: warning: variable 'BufLen' set but not used [-Wunused-but-set-variable]
  int BufLen;
      ^~~~~~
../src/xemacps_ieee1588_example.c: In function 'XEmacPs_PtpTxPacket':
../src/xemacps_ieee1588_example.c:1842:5: warning: this 'while' clause does not guard... [-Wmisleading-indentation]
     while((XEmacPs_ReadReg(InstancePtr->EmacPsInstance->Config.BaseAddress,
     ^~~~~
../src/xemacps_ieee1588_example.c:1845:2: note: ...this statement, but the latter is misleadingly indented as if it is guarded by the 'while'
  TxRingPtr = &(XEmacPs_GetTxRing(InstancePtr->EmacPsInstance));
  ^~~~~~~~~
'Finished building: ../src/xemacps_ieee1588_example.c'
' '
'Building target: g2020_bsp_xemacps_ieee1588_example_1.elf'
'Invoking: ARM v7 gcc linker'
arm-none-eabi-gcc -mcpu=cortex-a9 -mfpu=vfpv3 -mfloat-abi=hard -Wl,-build-id=none -specs=Xilinx.spec -Wl,-T -Wl,../src/lscript.ld -L../../g2020_bsp/ps7_cortexa9_0/lib -o "g2020_bsp_xemacps_ieee1588_example_1.elf"  ./src/xemacps_example_util.o ./src/xemacps_ieee1588.o ./src/xemacps_ieee1588_example.o   -Wl,--start-group,-lxil,-lgcc,-lc,--end-group -Wl,--start-group,-lxil,-llwip4,-lgcc,-lc,--end-group
'Finished building target: g2020_bsp_xemacps_ieee1588_example_1.elf'
' '
'Invoking: ARM v7 Print Size'
arm-none-eabi-size g2020_bsp_xemacps_ieee1588_example_1.elf  |tee "g2020_bsp_xemacps_ieee1588_example_1.elf.size"
   text	   data	    bss	    dec	    hex	filename
  64500	   2780	  50640	 117920	  1cca0	g2020_bsp_xemacps_ieee1588_example_1.elf
'Finished building: g2020_bsp_xemacps_ieee1588_example_1.elf.size'
' '

10:20:48 Build Finished (took 2s.577ms)

